{
    "slug": "my-cool-rfc",
    "url": "https:\/\/example.com\/my-cool-rfc",
    "revisions": {
        "1001": {
            "id": 1001,
            "date": "2023-09-29T00:00:00+00:00",
            "author": null,
            "summary": "a summary"
        },
        "1002": {
            "id": 1002,
            "date": "2023-09-30T00:00:00+00:00",
            "author": null,
            "summary": "a summary"
        },
        "1003": {
            "id": 1003,
            "date": "2023-10-01T00:00:00+00:00",
            "author": {
                "name": "My Name",
                "email": "me@example.com"
            },
            "summary": "a summary"
        },
        "1004": {
            "id": 1004,
            "date": "2023-10-02T00:00:00+00:00",
            "author": {
                "name": "My Name",
                "email": "me@example.com"
            },
            "summary": "a summary"
        }
    }
}
