slug1:
    revisions: {  }
    slug: slug1
    pageUrl: { scheme: https, authority: example.com, userInfo: '', host: example.com, port: null, path: /slug1, query: '', fragment: '' }
slug2:
    revisions: {  }
    slug: slug2
    pageUrl: { scheme: https, authority: example.com, userInfo: '', host: example.com, port: null, path: /slug2, query: '', fragment: '' }
slug3:
    revisions: {  }
    slug: slug3
    pageUrl: { scheme: https, authority: example.com, userInfo: '', host: example.com, port: null, path: /slug3, query: '', fragment: '' }
