[
    {
        "slug": "an-rfc-slug",
        "id": 1636038760,
        "date": "2021\/11\/04 15:12",
        "author": {
            "name": "Larry Garfield",
            "email": "crell@php.net"
        },
        "summary": "created",
        "content": {
            "raw": "raw 1636038760"
        }
    },
    {
        "slug": "an-rfc-slug",
        "id": 1636038797,
        "date": "2021\/11\/04 15:13",
        "author": {
            "name": "Larry Garfield",
            "email": "crell@php.net"
        },
        "summary": "",
        "content": {
            "raw": "raw 1636038797"
        }
    },
    {
        "slug": "an-rfc-slug",
        "id": 1636040249,
        "date": "2021\/11\/04 15:37",
        "author": {
            "name": "Larry Garfield",
            "email": "crell@php.net"
        },
        "summary": "Add variance.",
        "content": {
            "raw": "raw 1636040249"
        }
    },
    {
        "slug": "an-rfc-slug",
        "id": 1636040908,
        "date": "2021\/11\/04 15:48",
        "author": {
            "name": "Larry Garfield",
            "email": "crell@php.net"
        },
        "summary": "Reflection",
        "content": {
            "raw": "raw 1636040908"
        }
    },
    {
        "slug": "an-rfc-slug",
        "id": 1636055426,
        "date": "2021\/11\/04 19:50",
        "author": {
            "name": "Larry Garfield",
            "email": "crell@php.net"
        },
        "summary": "Fix syntax",
        "content": {
            "raw": "raw 1636055426"
        }
    },
    {
        "slug": "an-rfc-slug",
        "id": 1636055573,
        "date": "2021\/11\/04 19:52",
        "author": {
            "name": "Larry Garfield",
            "email": "crell@php.net"
        },
        "summary": "",
        "content": {
            "raw": "raw 1636055573"
        }
    },
    {
        "slug": "an-rfc-slug",
        "id": 1636061449,
        "date": "2021\/11\/04 21:30",
        "author": {
            "name": "Larry Garfield",
            "email": "crell@php.net"
        },
        "summary": "Add note on redundant types",
        "content": {
            "raw": "raw 1636061449"
        }
    },
    {
        "slug": "an-rfc-slug",
        "id": 1636062963,
        "date": "2021\/11\/04 21:56",
        "author": {
            "name": "Larry Garfield",
            "email": "crell@php.net"
        },
        "summary": "More redundancy",
        "content": {
            "raw": "raw 1636062963"
        }
    },
    {
        "slug": "an-rfc-slug",
        "id": 1647704494,
        "date": "2022\/03\/19 15:41",
        "author": {
            "name": "George Peter Banyard",
            "email": "girgias@php.net"
        },
        "summary": "Expand a bit on non-DNF types, + fix email",
        "content": {
            "raw": "raw 1647704494"
        }
    },
    {
        "slug": "an-rfc-slug",
        "id": 1647706437,
        "date": "2022\/03\/19 16:13",
        "author": {
            "name": "Larry Garfield",
            "email": "crell@php.net"
        },
        "summary": "Wordsmithing and typos",
        "content": {
            "raw": "raw 1647706437"
        }
    },
    {
        "slug": "an-rfc-slug",
        "id": 1647707760,
        "date": "2022\/03\/19 16:36",
        "author": {
            "name": "Larry Garfield",
            "email": "crell@php.net"
        },
        "summary": "Remove unused section",
        "content": {
            "raw": "raw 1647707760"
        }
    },
    {
        "slug": "an-rfc-slug",
        "id": 1647707947,
        "date": "2022\/03\/19 16:39",
        "author": {
            "name": "George Peter Banyard",
            "email": "girgias@php.net"
        },
        "summary": "Status under discussion",
        "content": {
            "raw": "raw 1647707947"
        }
    },
    {
        "slug": "an-rfc-slug",
        "id": 1654606925,
        "date": "2022\/06\/07 13:02",
        "author": {
            "name": "George Peter Banyard",
            "email": "girgias@php.net"
        },
        "summary": "Update patch link",
        "content": {
            "raw": "raw 1654606925"
        }
    },
    {
        "slug": "an-rfc-slug",
        "id": 1655479066,
        "date": "2022\/06\/17 15:17",
        "author": {
            "name": "George Peter Banyard",
            "email": "girgias@php.net"
        },
        "summary": "Open vote",
        "content": {
            "raw": "raw 1655479066"
        }
    },
    {
        "slug": "an-rfc-slug",
        "id": 1655481591,
        "date": "2022\/06\/17 15:59",
        "author": {
            "name": "George Peter Banyard",
            "email": "girgias@php.net"
        },
        "summary": "typo",
        "content": {
            "raw": "raw 1655481591"
        }
    },
    {
        "slug": "an-rfc-slug",
        "id": 1656767562,
        "date": "2022\/07\/02 13:12",
        "author": {
            "name": "Rowan Tommins",
            "email": "imsop@php.net"
        },
        "summary": "update \"Vote\" heading",
        "content": {
            "raw": "raw 1656767562"
        }
    },
    {
        "slug": "an-rfc-slug",
        "id": 1656814622,
        "date": "2022\/07\/03 02:17",
        "author": {
            "name": "George Peter Banyard",
            "email": "girgias@php.net"
        },
        "summary": "Close vote",
        "content": {
            "raw": "raw 1656814622"
        }
    },
    {
        "slug": "an-rfc-slug",
        "id": 1674339123,
        "date": "2023\/01\/21 22:12",
        "author": {
            "name": "George Peter Banyard",
            "email": "girgias@php.net"
        },
        "summary": "Typo in code example, brakets are not allowed for standalone intersection types",
        "content": {
            "raw": "raw 1674339123"
        }
    }
]
