[
    {
        "slug": "an-rfc-slug",
        "id": 1593957617,
        "date": "2020\/07\/05 14:00",
        "author": {
            "name": "moliata",
            "email": ""
        },
        "summary": "initial RFC",
        "content": {
            "raw": "raw 1593957617"
        }
    },
    {
        "slug": "an-rfc-slug",
        "id": 1593957656,
        "date": "2020\/07\/05 14:00",
        "author": {
            "name": "moliata",
            "email": ""
        },
        "summary": "updated RFC",
        "content": {
            "raw": "raw 1593957656"
        }
    },
    {
        "slug": "an-rfc-slug",
        "id": 1594065422,
        "date": "2020\/07\/06 19:57",
        "author": {
            "name": "moliata",
            "email": ""
        },
        "summary": "updated RFC",
        "content": {
            "raw": "raw 1594065422"
        }
    },
    {
        "slug": "an-rfc-slug",
        "id": 1594066885,
        "date": "2020\/07\/06 20:21",
        "author": {
            "name": "moliata",
            "email": ""
        },
        "summary": "updated RFC",
        "content": {
            "raw": "raw 1594066885"
        }
    },
    {
        "slug": "an-rfc-slug",
        "id": 1594117320,
        "date": "2020\/07\/07 10:22",
        "author": {
            "name": "moliata",
            "email": ""
        },
        "summary": "updated RFC",
        "content": {
            "raw": "raw 1594117320"
        }
    },
    {
        "slug": "an-rfc-slug",
        "id": 1594119013,
        "date": "2020\/07\/07 10:50",
        "author": {
            "name": "moliata",
            "email": ""
        },
        "summary": "updated RFC",
        "content": {
            "raw": "raw 1594119013"
        }
    },
    {
        "slug": "an-rfc-slug",
        "id": 1594634453,
        "date": "2020\/07\/13 10:00",
        "author": {
            "name": "moliata",
            "email": ""
        },
        "summary": "updated RFC",
        "content": {
            "raw": "raw 1594634453"
        }
    },
    {
        "slug": "an-rfc-slug",
        "id": 1594634514,
        "date": "2020\/07\/13 10:01",
        "author": {
            "name": "moliata",
            "email": ""
        },
        "summary": "updated RFC",
        "content": {
            "raw": "raw 1594634514"
        }
    },
    {
        "slug": "an-rfc-slug",
        "id": 1594636597,
        "date": "2020\/07\/13 10:36",
        "author": {
            "name": "moliata",
            "email": ""
        },
        "summary": "updated RFC",
        "content": {
            "raw": "raw 1594636597"
        }
    },
    {
        "slug": "an-rfc-slug",
        "id": 1594641418,
        "date": "2020\/07\/13 11:56",
        "author": {
            "name": "moliata",
            "email": ""
        },
        "summary": "updated RFC",
        "content": {
            "raw": "raw 1594641418"
        }
    },
    {
        "slug": "an-rfc-slug",
        "id": 1594642629,
        "date": "2020\/07\/13 12:17",
        "author": {
            "name": "moliata",
            "email": ""
        },
        "summary": "updated RFC",
        "content": {
            "raw": "raw 1594642629"
        }
    },
    {
        "slug": "an-rfc-slug",
        "id": 1594642751,
        "date": "2020\/07\/13 12:19",
        "author": {
            "name": "moliata",
            "email": ""
        },
        "summary": "updated RFC",
        "content": {
            "raw": "raw 1594642751"
        }
    },
    {
        "slug": "an-rfc-slug",
        "id": 1594642942,
        "date": "2020\/07\/13 12:22",
        "author": {
            "name": "moliata",
            "email": ""
        },
        "summary": "updated RFC",
        "content": {
            "raw": "raw 1594642942"
        }
    },
    {
        "slug": "an-rfc-slug",
        "id": 1594643411,
        "date": "2020\/07\/13 12:30",
        "author": {
            "name": "moliata",
            "email": ""
        },
        "summary": "updated RFC",
        "content": {
            "raw": "raw 1594643411"
        }
    },
    {
        "slug": "an-rfc-slug",
        "id": 1594644286,
        "date": "2020\/07\/13 12:44",
        "author": {
            "name": "moliata",
            "email": ""
        },
        "summary": "updated RFC",
        "content": {
            "raw": "raw 1594644286"
        }
    },
    {
        "slug": "an-rfc-slug",
        "id": 1594644300,
        "date": "2020\/07\/13 12:45",
        "author": {
            "name": "moliata",
            "email": ""
        },
        "summary": "updated RFC",
        "content": {
            "raw": "raw 1594644300"
        }
    },
    {
        "slug": "an-rfc-slug",
        "id": 1594644402,
        "date": "2020\/07\/13 12:46",
        "author": {
            "name": "moliata",
            "email": ""
        },
        "summary": "updated RFC",
        "content": {
            "raw": "raw 1594644402"
        }
    },
    {
        "slug": "an-rfc-slug",
        "id": 1594678297,
        "date": "2020\/07\/13 22:11",
        "author": {
            "name": "moliata",
            "email": ""
        },
        "summary": "updated RFC",
        "content": {
            "raw": "raw 1594678297"
        }
    },
    {
        "slug": "an-rfc-slug",
        "id": 1594678424,
        "date": "2020\/07\/13 22:13",
        "author": {
            "name": "moliata",
            "email": ""
        },
        "summary": "updated RFC",
        "content": {
            "raw": "raw 1594678424"
        }
    },
    {
        "slug": "an-rfc-slug",
        "id": 1647902940,
        "date": "2022\/03\/21 22:49",
        "author": {
            "name": "moliata",
            "email": ""
        },
        "summary": "updated RFC",
        "content": {
            "raw": "raw 1647902940"
        }
    },
    {
        "slug": "an-rfc-slug",
        "id": 1648608270,
        "date": "2022\/03\/30 02:44",
        "author": {
            "name": "mbniebergall",
            "email": ""
        },
        "summary": "Revisiting typed class constants; expanded inheritance; added examples, introduction",
        "content": {
            "raw": "raw 1648608270"
        }
    },
    {
        "slug": "an-rfc-slug",
        "id": 1648608426,
        "date": "2022\/03\/30 02:47",
        "author": {
            "name": "mbniebergall",
            "email": ""
        },
        "summary": "",
        "content": {
            "raw": "raw 1648608426"
        }
    },
    {
        "slug": "an-rfc-slug",
        "id": 1648644637,
        "date": "2022\/03\/30 12:50",
        "author": {
            "name": "mbniebergall",
            "email": ""
        },
        "summary": "Added more details about supported types",
        "content": {
            "raw": "raw 1648644637"
        }
    },
    {
        "slug": "an-rfc-slug",
        "id": 1671254731,
        "date": "2022\/12\/17 05:25",
        "author": {
            "name": "moliata",
            "email": ""
        },
        "summary": "old revision restored (2022\/03\/21 22:49)",
        "content": {
            "raw": "raw 1671254731"
        }
    },
    {
        "slug": "an-rfc-slug",
        "id": 1671255328,
        "date": "2022\/12\/17 05:35",
        "author": {
            "name": "moliata",
            "email": ""
        },
        "summary": "updated RFC",
        "content": {
            "raw": "raw 1671255328"
        }
    },
    {
        "slug": "an-rfc-slug",
        "id": 1671255380,
        "date": "2022\/12\/17 05:36",
        "author": {
            "name": "moliata",
            "email": ""
        },
        "summary": "updated RFC",
        "content": {
            "raw": "raw 1671255380"
        }
    },
    {
        "slug": "an-rfc-slug",
        "id": 1671381813,
        "date": "2022\/12\/18 16:43",
        "author": {
            "name": "moliata",
            "email": ""
        },
        "summary": "updated RFC",
        "content": {
            "raw": "raw 1671381813"
        }
    },
    {
        "slug": "an-rfc-slug",
        "id": 1671381832,
        "date": "2022\/12\/18 16:43",
        "author": {
            "name": "moliata",
            "email": ""
        },
        "summary": "updated RFC",
        "content": {
            "raw": "raw 1671381832"
        }
    },
    {
        "slug": "an-rfc-slug",
        "id": 1671388041,
        "date": "2022\/12\/18 18:27",
        "author": {
            "name": "moliata",
            "email": ""
        },
        "summary": "updated RFC",
        "content": {
            "raw": "raw 1671388041"
        }
    },
    {
        "slug": "an-rfc-slug",
        "id": 1675107378,
        "date": "2023\/01\/30 19:36",
        "author": {
            "name": "M\u00e1t\u00e9 Kocsis",
            "email": "kocsismate@php.net"
        },
        "summary": "",
        "content": {
            "raw": "raw 1675107378"
        }
    },
    {
        "slug": "an-rfc-slug",
        "id": 1675107440,
        "date": "2023\/01\/30 19:37",
        "author": {
            "name": "M\u00e1t\u00e9 Kocsis",
            "email": "kocsismate@php.net"
        },
        "summary": "",
        "content": {
            "raw": "raw 1675107440"
        }
    },
    {
        "slug": "an-rfc-slug",
        "id": 1675116673,
        "date": "2023\/01\/30 22:11",
        "author": {
            "name": "M\u00e1t\u00e9 Kocsis",
            "email": "kocsismate@php.net"
        },
        "summary": "",
        "content": {
            "raw": "raw 1675116673"
        }
    },
    {
        "slug": "an-rfc-slug",
        "id": 1675119527,
        "date": "2023\/01\/30 22:58",
        "author": {
            "name": "M\u00e1t\u00e9 Kocsis",
            "email": "kocsismate@php.net"
        },
        "summary": "",
        "content": {
            "raw": "raw 1675119527"
        }
    },
    {
        "slug": "an-rfc-slug",
        "id": 1675119661,
        "date": "2023\/01\/30 23:01",
        "author": {
            "name": "M\u00e1t\u00e9 Kocsis",
            "email": "kocsismate@php.net"
        },
        "summary": "",
        "content": {
            "raw": "raw 1675119661"
        }
    },
    {
        "slug": "an-rfc-slug",
        "id": 1675119686,
        "date": "2023\/01\/30 23:01",
        "author": {
            "name": "M\u00e1t\u00e9 Kocsis",
            "email": "kocsismate@php.net"
        },
        "summary": "",
        "content": {
            "raw": "raw 1675119686"
        }
    },
    {
        "slug": "an-rfc-slug",
        "id": 1675119843,
        "date": "2023\/01\/30 23:04",
        "author": {
            "name": "M\u00e1t\u00e9 Kocsis",
            "email": "kocsismate@php.net"
        },
        "summary": "",
        "content": {
            "raw": "raw 1675119843"
        }
    },
    {
        "slug": "an-rfc-slug",
        "id": 1675119883,
        "date": "2023\/01\/30 23:04",
        "author": {
            "name": "M\u00e1t\u00e9 Kocsis",
            "email": "kocsismate@php.net"
        },
        "summary": "",
        "content": {
            "raw": "raw 1675119883"
        }
    },
    {
        "slug": "an-rfc-slug",
        "id": 1675119909,
        "date": "2023\/01\/30 23:05",
        "author": {
            "name": "M\u00e1t\u00e9 Kocsis",
            "email": "kocsismate@php.net"
        },
        "summary": "",
        "content": {
            "raw": "raw 1675119909"
        }
    },
    {
        "slug": "an-rfc-slug",
        "id": 1675120007,
        "date": "2023\/01\/30 23:06",
        "author": {
            "name": "M\u00e1t\u00e9 Kocsis",
            "email": "kocsismate@php.net"
        },
        "summary": "",
        "content": {
            "raw": "raw 1675120007"
        }
    },
    {
        "slug": "an-rfc-slug",
        "id": 1675120053,
        "date": "2023\/01\/30 23:07",
        "author": {
            "name": "M\u00e1t\u00e9 Kocsis",
            "email": "kocsismate@php.net"
        },
        "summary": "",
        "content": {
            "raw": "raw 1675120053"
        }
    },
    {
        "slug": "an-rfc-slug",
        "id": 1675193907,
        "date": "2023\/01\/31 19:38",
        "author": {
            "name": "M\u00e1t\u00e9 Kocsis",
            "email": "kocsismate@php.net"
        },
        "summary": "",
        "content": {
            "raw": "raw 1675193907"
        }
    },
    {
        "slug": "an-rfc-slug",
        "id": 1675235633,
        "date": "2023\/02\/01 07:13",
        "author": {
            "name": "M\u00e1t\u00e9 Kocsis",
            "email": "kocsismate@php.net"
        },
        "summary": "",
        "content": {
            "raw": "raw 1675235633"
        }
    },
    {
        "slug": "an-rfc-slug",
        "id": 1675433821,
        "date": "2023\/02\/03 14:17",
        "author": {
            "name": "M\u00e1t\u00e9 Kocsis",
            "email": "kocsismate@php.net"
        },
        "summary": "",
        "content": {
            "raw": "raw 1675433821"
        }
    },
    {
        "slug": "an-rfc-slug",
        "id": 1676493139,
        "date": "2023\/02\/15 20:32",
        "author": {
            "name": "M\u00e1t\u00e9 Kocsis",
            "email": "kocsismate@php.net"
        },
        "summary": "",
        "content": {
            "raw": "raw 1676493139"
        }
    },
    {
        "slug": "an-rfc-slug",
        "id": 1677164837,
        "date": "2023\/02\/23 15:07",
        "author": {
            "name": "M\u00e1t\u00e9 Kocsis",
            "email": "kocsismate@php.net"
        },
        "summary": "",
        "content": {
            "raw": "raw 1677164837"
        }
    },
    {
        "slug": "an-rfc-slug",
        "id": 1677165250,
        "date": "2023\/02\/23 15:14",
        "author": {
            "name": "M\u00e1t\u00e9 Kocsis",
            "email": "kocsismate@php.net"
        },
        "summary": "",
        "content": {
            "raw": "raw 1677165250"
        }
    },
    {
        "slug": "an-rfc-slug",
        "id": 1677166549,
        "date": "2023\/02\/23 15:35",
        "author": {
            "name": "M\u00e1t\u00e9 Kocsis",
            "email": "kocsismate@php.net"
        },
        "summary": "",
        "content": {
            "raw": "raw 1677166549"
        }
    },
    {
        "slug": "an-rfc-slug",
        "id": 1677167165,
        "date": "2023\/02\/23 15:46",
        "author": {
            "name": "M\u00e1t\u00e9 Kocsis",
            "email": "kocsismate@php.net"
        },
        "summary": "",
        "content": {
            "raw": "raw 1677167165"
        }
    },
    {
        "slug": "an-rfc-slug",
        "id": 1677167313,
        "date": "2023\/02\/23 15:48",
        "author": {
            "name": "M\u00e1t\u00e9 Kocsis",
            "email": "kocsismate@php.net"
        },
        "summary": "",
        "content": {
            "raw": "raw 1677167313"
        }
    },
    {
        "slug": "an-rfc-slug",
        "id": 1677167616,
        "date": "2023\/02\/23 15:53",
        "author": {
            "name": "M\u00e1t\u00e9 Kocsis",
            "email": "kocsismate@php.net"
        },
        "summary": "",
        "content": {
            "raw": "raw 1677167616"
        }
    },
    {
        "slug": "an-rfc-slug",
        "id": 1677226281,
        "date": "2023\/02\/24 08:11",
        "author": {
            "name": "M\u00e1t\u00e9 Kocsis",
            "email": "kocsismate@php.net"
        },
        "summary": "",
        "content": {
            "raw": "raw 1677226281"
        }
    },
    {
        "slug": "an-rfc-slug",
        "id": 1677226346,
        "date": "2023\/02\/24 08:12",
        "author": {
            "name": "M\u00e1t\u00e9 Kocsis",
            "email": "kocsismate@php.net"
        },
        "summary": "",
        "content": {
            "raw": "raw 1677226346"
        }
    },
    {
        "slug": "an-rfc-slug",
        "id": 1677226393,
        "date": "2023\/02\/24 08:13",
        "author": {
            "name": "M\u00e1t\u00e9 Kocsis",
            "email": "kocsismate@php.net"
        },
        "summary": "",
        "content": {
            "raw": "raw 1677226393"
        }
    },
    {
        "slug": "an-rfc-slug",
        "id": 1677226543,
        "date": "2023\/02\/24 08:15",
        "author": {
            "name": "M\u00e1t\u00e9 Kocsis",
            "email": "kocsismate@php.net"
        },
        "summary": "",
        "content": {
            "raw": "raw 1677226543"
        }
    },
    {
        "slug": "an-rfc-slug",
        "id": 1677226823,
        "date": "2023\/02\/24 08:20",
        "author": {
            "name": "M\u00e1t\u00e9 Kocsis",
            "email": "kocsismate@php.net"
        },
        "summary": "",
        "content": {
            "raw": "raw 1677226823"
        }
    },
    {
        "slug": "an-rfc-slug",
        "id": 1677227172,
        "date": "2023\/02\/24 08:26",
        "author": {
            "name": "M\u00e1t\u00e9 Kocsis",
            "email": "kocsismate@php.net"
        },
        "summary": "",
        "content": {
            "raw": "raw 1677227172"
        }
    },
    {
        "slug": "an-rfc-slug",
        "id": 1677488382,
        "date": "2023\/02\/27 08:59",
        "author": {
            "name": "M\u00e1t\u00e9 Kocsis",
            "email": "kocsismate@php.net"
        },
        "summary": "",
        "content": {
            "raw": "raw 1677488382"
        }
    },
    {
        "slug": "an-rfc-slug",
        "id": 1677516651,
        "date": "2023\/02\/27 16:50",
        "author": {
            "name": "M\u00e1t\u00e9 Kocsis",
            "email": "kocsismate@php.net"
        },
        "summary": "",
        "content": {
            "raw": "raw 1677516651"
        }
    },
    {
        "slug": "an-rfc-slug",
        "id": 1677516791,
        "date": "2023\/02\/27 16:53",
        "author": {
            "name": "M\u00e1t\u00e9 Kocsis",
            "email": "kocsismate@php.net"
        },
        "summary": "",
        "content": {
            "raw": "raw 1677516791"
        }
    },
    {
        "slug": "an-rfc-slug",
        "id": 1678725579,
        "date": "2023\/03\/13 16:39",
        "author": {
            "name": "M\u00e1t\u00e9 Kocsis",
            "email": "kocsismate@php.net"
        },
        "summary": "",
        "content": {
            "raw": "raw 1678725579"
        }
    },
    {
        "slug": "an-rfc-slug",
        "id": 1679676035,
        "date": "2023\/03\/24 16:40",
        "author": {
            "name": "Ilija Tovilo",
            "email": "ilutov@php.net"
        },
        "summary": "Properly close poll",
        "content": {
            "raw": "raw 1679676035"
        }
    }
]
